// Jest Snapshot v1, https://goo.gl/fbAQLP

exports[`<Contact /> Snapshot Test 1`] = `
<div
  className="contact"
>
  <h4
    className="title"
  >
    Contact Us
  </h4>
  <div
    className="contactSocialIconContainer"
  >
    <LinkIcon
      className="twitterIcon"
      href="https://www.twitter.com"
    />
    <LinkIcon
      className="facebookIcon"
      href="https://www.facebook.com"
    />
    <LinkIcon
      className="instagramIcon"
      href="https://www.instagram.com"
    />
  </div>
  <ContactSection
    img="location-icon.png"
    text="203 Fake St. Mountain View, San Francisco, California, USA"
  />
  <ContactSection
    img="phone-icon.png"
    text="+1 978-236-7889"
  />
  <ContactSection
    img="email-icon.svg"
    text="JacquezWilliams@teleworm.us"
  />
</div>
`;

exports[`<ContactSection /> Snapshot Test 1`] = `
<div
  className="contactSection"
>
  <img
    alt="Icon"
    className="contactSectionIcon"
    src="mock img"
  />
  <p
    className="contactSectionText"
  >
    mock text
  </p>
</div>
`;

exports[`<Footer /> Snapshot Test 1`] = `
<footer
  className="footer"
>
  <div
    className="container"
  >
    <Opening />
    <Contact />
  </div>
</footer>
`;

exports[`<HoursSection /> Snapshot Test 1`] = `
<div
  className="hoursSection"
>
  <p
    className="hoursTitle"
  />
  <p
    className="hoursText"
  />
</div>
`;

exports[`<LinkIcon /> Snapshot Test 1`] = `
<a
  className="contactSocialIcon mockClassname"
  href="mock href"
  rel="noopener noreferrer"
  target="_blank"
/>
`;

exports[`<Opening /> Snapshot Test 1`] = `
<div
  className="opening"
>
  <h4
    className="title"
  >
    Opening Hours
  </h4>
  <div
    className="hours"
  >
    <HoursSection
      date="Monday - Friday"
      time="8.00 am - 10.00 pm"
    />
    <HoursSection
      date="Saturday"
      time="10.00 am - 5.00 pm"
    />
    <HoursSection
      date="Sunday"
      time="Closed"
    />
  </div>
</div>
`;
